
> ezlabtesting-client@0.1.0 prebuild
> node -e "const fs=require('fs'); fs.rmSync('.next',{ recursive:true, force:true });"


> ezlabtesting-client@0.1.0 build
> next build --webpack

▲ Next.js 16.2.0-canary.50 (webpack)
- Environments: .env.local
- Experiments (use with caution):
  · serverActions

  Creating an optimized production build ...
